<html>
<body>
<pre>
<h1>µVision Build Log</h1>
<h2>Tool Versions:</h2>
IDE-Version: µVision V5.36.0.0
Copyright (C) 2021 ARM Ltd and ARM Germany GmbH. All rights reserved.
License Information: santosh kakad, quantanode, LIC=----
 
Tool Versions:
Toolchain:       MDK-Lite  Version: 5.36.0.0
Toolchain Path:  C:\Keil_v5\ARM\ARMCC\Bin
C Compiler:      Armcc.exe V5.06 update 7 (build 960)
Assembler:       Armasm.exe V5.06 update 7 (build 960)
Linker/Locator:  ArmLink.exe V5.06 update 7 (build 960)
Library Manager: ArmAr.exe V5.06 update 7 (build 960)
Hex Converter:   FromElf.exe V5.06 update 7 (build 960)
CPU DLL:         SARMCM3.DLL V5.36.0.0
Dialog DLL:      DCM.DLL V1.17.3.0
Target DLL:      STLink\ST-LINKIII-KEIL_SWO.dll V3.0.9.0
Dialog DLL:      TCM.DLL V1.53.0.0
 
<h2>Project:</h2>
E:\QuantaField\Git Uploads\QF_BQ7694003\MDK-ARM\I2C_DEMO.uvprojx
Project File Date:  10/03/2022

<h2>Output:</h2>
*** Using Compiler 'V5.06 update 7 (build 960)', folder: 'C:\Keil_v5\ARM\ARMCC\Bin'
Rebuild target 'I2C_DEMO'
assembling startup_stm32f407xx.s...
compiling stm32f4xx_hal_i2c_ex.c...
compiling stm32f4xx_it.c...
../Core/Inc/Protection.h(170): warning:  #1295-D: Deprecated declaration CurrentProtection - give arg types
  PackCurrentViolationTypdef CurrentProtection();
../Core/Inc/Protection.h(171): warning:  #1295-D: Deprecated declaration CellVoltageProtection - give arg types
  CellVoltViolationTypedef CellVoltageProtection();
../Core/Src/stm32f4xx_it.c: 2 warnings, 0 errors
compiling Protection.c...
../Core/Inc/Protection.h(170): warning:  #1295-D: Deprecated declaration CurrentProtection - give arg types
  PackCurrentViolationTypdef CurrentProtection();
../Core/Inc/Protection.h(171): warning:  #1295-D: Deprecated declaration CellVoltageProtection - give arg types
  CellVoltViolationTypedef CellVoltageProtection();
..\Core\Src\Protection.c: 2 warnings, 0 errors
compiling stm32f4xx_hal_msp.c...
compiling bq_setting_OF.c...
compiling main050822.c...
../Core/Inc/Protection.h(170): warning:  #1295-D: Deprecated declaration CurrentProtection - give arg types
  PackCurrentViolationTypdef CurrentProtection();
../Core/Inc/Protection.h(171): warning:  #1295-D: Deprecated declaration CellVoltageProtection - give arg types
  CellVoltViolationTypedef CellVoltageProtection();
main050822.c: 2 warnings, 0 errors
compiling stm32f4xx_hal_i2c.c...
compiling stm32f4xx_hal_flash_ramfunc.c...
compiling stm32f4xx_hal_gpio.c...
compiling stm32f4xx_hal_flash_ex.c...
compiling stm32f4xx_hal_rcc_ex.c...
compiling stm32f4xx_hal_flash.c...
compiling stm32f4xx_hal_rcc.c...
compiling stm32f4xx_hal_dma_ex.c...
compiling stm32f4xx_hal_pwr_ex.c...
compiling stm32f4xx_hal.c...
compiling stm32f4xx_hal_cortex.c...
compiling stm32f4xx_hal_pwr.c...
compiling stm32f4xx_hal_exti.c...
compiling stm32f4xx_hal_dma.c...
compiling stm32f4xx_hal_tim.c...
compiling system_stm32f4xx.c...
compiling stm32f4xx_hal_tim_ex.c...
linking...
Program Size: Code=14668 RO-data=516 RW-data=64 ZI-data=1856  
FromELF: creating hex file...
"I2C_DEMO\I2C_DEMO.axf" - 0 Error(s), 6 Warning(s).

<h2>Software Packages used:</h2>

Package Vendor: ARM
                http://www.keil.com/pack/ARM.CMSIS.5.8.0.pack
                ARM.CMSIS.5.8.0
                CMSIS (Common Microcontroller Software Interface Standard)
   * Component: CORE Version: 5.5.0

Package Vendor: Keil
                http://www.keil.com/pack/Keil.STM32F4xx_DFP.2.14.0.pack
                Keil.STM32F4xx_DFP.2.14.0
                STMicroelectronics STM32F4 Series Device Support, Drivers and Examples

<h2>Collection of Component include folders:</h2>
  .\RTE\_I2C_DEMO
  C:\Users\Santosh Kakad\AppData\Local\Arm\Packs\ARM\CMSIS\5.8.0\CMSIS\Core\Include
  C:\Users\Santosh Kakad\AppData\Local\Arm\Packs\Keil\STM32F4xx_DFP\2.14.0\Drivers\CMSIS\Device\ST\STM32F4xx\Include

<h2>Collection of Component Files used:</h2>

   * Component: ARM::CMSIS:CORE:5.5.0
Build Time Elapsed:  00:00:17
</pre>
</body>
</html>
